=== Classification enum ===

=== AuditEvent struct ===

=== event loop disk/cloud checks ===
39-use crate::audit_emitter::{self, emit_audit, EmitContext};
40-use crate::cloud_enforcer::CloudEnforcer;
41:use crate::disk_enforcer::DiskEnforcer;
42-use crate::identity::WindowsIdentity;
43-use crate::ipc::messages::{Pipe1AgentMsg, Pipe2AgentMsg};
44-use crate::ipc::pipe1;
45-use crate::offline::OfflineManager;
46-use crate::session_identity::SessionIdentityMap;
47-use crate::usb_enforcer::UsbEnforcer;
48-
49-/// Builds the classification string for a USB trust tier.
50-fn usb_classification(tier: UsbTrustTier) -> String {
51-    match tier {
52-        UsbTrustTier::Blocked => "USB-Blocked".to_string(),
53-        UsbTrustTier::ReadOnly => "USB-ReadOnly".to_string(),
54-        UsbTrustTier::FullAccess => {
55-            unreachable!("FullAccess never produces a block result")
56-        }
57-    }
58-}
59-
60-/// Builds the toast title and body for a USB block result.
61-fn usb_toast_message(usb_result: &crate::usb_enforcer::UsbBlockResult) -> (String, String) {
62-    match usb_result.tier {
63-        UsbTrustTier::Blocked => (
64-            "USB Device Blocked".to_string(),
65-            format!(
66-                "{} - this device is not permitted",
67-                usb_result.identity.description
68-            ),
69-        ),
70-        UsbTrustTier::ReadOnly => (
71-            "USB Device Read-Only".to_string(),
72-            format!(
73-                "{} - write operations are not permitted",
74-                usb_result.identity.description
75-            ),
76-        ),
77-        UsbTrustTier::FullAccess => {
78-            unreachable!("FullAccess never returns a block result from UsbEnforcer::check")
79-        }
80-    }
81-}
--
148-    path: &str,
149-    pid: u32,
150:    disk_result: &crate::disk_enforcer::DiskBlockResult,
151-) {
152-    let mut audit_event = AuditEvent::new(
153-        EventType::Block,
154-        user_sid.to_string(),
155-        user_name.to_string(),
156-        path.to_string(),
157-        // Classification not yet resolved at this stage; T1 is the
158-        // conservative public-tier placeholder (AUDIT-02).
159-        dlp_common::Classification::T1,
160-        dlp_common::Action::WRITE,
161-        disk_result.decision,
162-        ctx.agent_id.clone(),
163-        ctx.session_id,
164-    )
165-    .with_access_context(AuditAccessContext::Local)
166-    .with_blocked_disk(disk_result.disk.clone());
167-    // WR-03: no policy matched this enforcement — leave policy_id as None
168-    // so SIEM rules that test `policy_id IS NOT NULL` are not misled.
169-    // Set only policy_name to convey the enforcement reason.
170-    audit_event.policy_name = Some("Disk enforcement: unregistered fixed disk".to_string());
171-
172-    // AUDIT-04 (Phase 42): Enrich with app identity from the initiating process.
173-    crate::audit_emitter::enrich_audit_with_app_identity(&mut audit_event, pid);
174-    crate::audit_emitter::set_destination_application(&mut audit_event, None);
175-
176-    emit_audit(ctx, &mut audit_event);
177-
178-    // AUDIT-02: Pipe 1 BlockNotify for SIEM / dashboard visibility.
179-    if disk_result.decision.is_denied() {
180-        let msg = Pipe1AgentMsg::BlockNotify {
181-            reason: "Disk enforcement: unregistered fixed disk".to_string(),
182-            classification: "Disk-Unregistered".to_string(),
183-            resource_path: path.to_string(),

=== emit_audit signature ===
313:pub fn emit_audit(ctx: &EmitContext, event: &mut AuditEvent) {
314-    event.agent_id.clone_from(&ctx.agent_id);
315-    event.session_id = ctx.session_id;
316-
317-    // Only fill user identity from ctx if the event doesn't already have one.
318-    if event.user_sid.is_empty() {

=== EmitContext ===
271:pub struct EmitContext {
272-    /// The unique ID of this agent (e.g. "AGENT-WS02-001").
273-    pub agent_id: String,
274-    /// The interactive session in which the event occurred.
275-    pub session_id: u32,
276-    /// The user's Windows Security Identifier.
277-    pub user_sid: String,
278-    /// The user's display name.
279-    pub user_name: String,
280-    /// Machine hostname, set once at startup.
281-    pub machine_name: Option<String>,
282-}
283-
284-#[derive(Debug, thiserror::Error)]
285-pub enum AuditError {
286-    #[error("failed to open audit log: {0}")]
