=== Building workspace ===
    Checking dlp-common v0.1.0 (C:\Users\nhdinh\dev\dlp-rust\dlp-common)
    Checking bincode v1.3.3
    Checking wmi v0.18.4
   Compiling dlp-user-ui v0.1.0 (C:\Users\nhdinh\dev\dlp-rust\dlp-user-ui)
    Checking dlp-server v0.1.0 (C:\Users\nhdinh\dev\dlp-rust\dlp-server)
    Checking dlp-agent v0.1.0 (C:\Users\nhdinh\dev\dlp-rust\dlp-agent)
    Checking dlp-admin-cli v0.1.0 (C:\Users\nhdinh\dev\dlp-rust\dlp-admin-cli)
    Checking dlp-hook-dll v0.1.0 (C:\Users\nhdinh\dev\dlp-rust\dlp-hook-dll)
warning: variant `Timeout` is never constructed
  --> dlp-hook-dll\src\pipe_client.rs:27:5
   |
23 | pub enum PipeError {
   |          --------- variant in this enum
...
27 |     Timeout,
   |     ^^^^^^^
   |
   = note: `PipeError` has derived impls for the traits `Clone` and `Debug`, but these are intentionally ignored during dead code analysis
   = note: `#[warn(dead_code)]` (part of `#[warn(unused)]`) on by default

warning: `dlp-hook-dll` (lib) generated 1 warning
    Checking dlp-e2e v0.1.0 (C:\Users\nhdinh\dev\dlp-rust\dlp-e2e)
    Finished `dev` profile [unoptimized + debuginfo] target(s) in 17.07s

=== Running dlp-common abac tests ===
test abac::tests::test_evaluate_request_omits_none_app_identity_fields ... ok
test abac::tests::test_evaluate_request_backward_compat_missing_new_fields ... ok
test abac::phase37_action_tests::test_disk_registry_add_deserializes_from_variant_name ... ok
test abac::tests::test_from_evaluate_request_for_abac_context_drops_agent ... ok
test abac::tests::test_policy_condition_source_application_round_trip ... ok
test abac::tests::test_evaluate_request_app_identity_fields_round_trip ... ok
test abac::tests::test_from_evaluate_request_forwards_all_fields ... ok
test abac::tests::test_decision_serde ... ok
test abac::tests::test_policy_condition_destination_application_round_trip ... ok
test abac::tests::test_evaluate_request_serde ... ok

test result: ok. 28 passed; 0 failed; 0 ignored; 0 measured; 113 filtered out; finished in 0.00s

     Running tests\endpoint_cross_crate_compat.rs (target\debug\deps\endpoint_cross_crate_compat-ab066e699c2bacca.exe)

running 1 test
test abac_context_has_no_agent_field_and_round_trips ... ok

test result: ok. 1 passed; 0 failed; 0 ignored; 0 measured; 5 filtered out; finished in 0.00s


=== Running dlp-agent hook_ipc tests ===
test result: ok. 0 passed; 0 failed; 0 ignored; 0 measured; 3 filtered out; finished in 0.00s

     Running tests\encryption_integration.rs (target\debug\deps\encryption_integration-c7769da92a1600a2.exe)

running 0 tests

test result: ok. 0 passed; 0 failed; 0 ignored; 0 measured; 8 filtered out; finished in 0.00s

     Running tests\integration.rs (target\debug\deps\integration-fcb9829f01bc87d3.exe)

running 0 tests

test result: ok. 0 passed; 0 failed; 0 ignored; 0 measured; 52 filtered out; finished in 0.00s

     Running tests\negative.rs (target\debug\deps\negative-a328754cdf1583a6.exe)

running 0 tests

test result: ok. 0 passed; 0 failed; 0 ignored; 0 measured; 7 filtered out; finished in 0.00s


=== Running dlp-agent hook_injector tests ===
test result: ok. 0 passed; 0 failed; 0 ignored; 0 measured; 3 filtered out; finished in 0.00s

     Running tests\encryption_integration.rs (target\debug\deps\encryption_integration-c7769da92a1600a2.exe)

running 0 tests

test result: ok. 0 passed; 0 failed; 0 ignored; 0 measured; 8 filtered out; finished in 0.00s

     Running tests\integration.rs (target\debug\deps\integration-fcb9829f01bc87d3.exe)

running 0 tests

test result: ok. 0 passed; 0 failed; 0 ignored; 0 measured; 52 filtered out; finished in 0.00s

     Running tests\negative.rs (target\debug\deps\negative-a328754cdf1583a6.exe)

running 0 tests

test result: ok. 0 passed; 0 failed; 0 ignored; 0 measured; 7 filtered out; finished in 0.00s


=== Running dlp-hook-dll tests ===
    Finished `test` profile [unoptimized + debuginfo] target(s) in 14.20s
     Running unittests src\lib.rs (target\debug\deps\dlp_hook_dll-75cdc3e262ed5501.exe)

running 13 tests
test pipe_client::tests::pipe_error_display ... ok
test tests::hash_path_is_deterministic ... ok
test tests::pcwstr_roundtrip ... ok
test tests::find_iat_entry_returns_none_for_invalid_module ... ok
test pipe_client::tests::pipe_error_roundtrip ... ok
test tests::extract_nt_path_null ... ok
test tests::unhook_all_does_not_panic_when_not_initialised ... ok
test tests::pcwstr_null_returns_empty ... ok
test tests::pipe_client_roundtrip_allow ... ok
test tests::hook_createfilew_fail_closed_on_deny ... ok
test tests::pipe_client_roundtrip_deny ... ok
test tests::hook_createfilew_allow_when_allowed ... ok
test tests::pipe_client_connection_refused_when_no_server ... ok

test result: ok. 13 passed; 0 failed; 0 ignored; 0 measured; 0 filtered out; finished in 0.10s

