=== dlp-common abac.rs EventType ===

=== run_event_loop enforcer usage ===
dlp-agent/src/interception/mod.rs-287-/// * `ctx` — shared audit context (agent_id, session)
dlp-agent/src/interception/mod.rs-288-/// * `session_map` — per-session identity map for resolving file owners
dlp-agent/src/interception/mod.rs-289-/// * `ad_client` — optional AD client for group/trust/location resolution (None = fallback to placeholder)
dlp-agent/src/interception/mod.rs-290-/// * `usb_enforcer` — optional USB trust-tier enforcer; fires before ABAC evaluation (None = USB enforcement disabled)
dlp-agent/src/interception/mod.rs-291-/// * `cloud_enforcer` — optional cloud sync enforcer; fires after disk, before ABAC (None = cloud enforcement disabled)
dlp-agent/src/interception/mod.rs:292:pub async fn run_event_loop(
dlp-agent/src/interception/mod.rs-293-    mut rx: mpsc::Receiver<FileAction>,
dlp-agent/src/interception/mod.rs-294-    offline: Arc<OfflineManager>,
dlp-agent/src/interception/mod.rs-295-    ctx: EmitContext,
dlp-agent/src/interception/mod.rs-296-    session_map: Arc<SessionIdentityMap>,
dlp-agent/src/interception/mod.rs-297-    ad_client: Arc<Option<dlp_common::AdClient>>,
dlp-agent/src/interception/mod.rs-298-    usb_enforcer: Option<Arc<UsbEnforcer>>,
dlp-agent/src/interception/mod.rs-299-    disk_enforcer: Option<Arc<DiskEnforcer>>,
dlp-agent/src/interception/mod.rs-300-    cloud_enforcer: Option<Arc<CloudEnforcer>>,
dlp-agent/src/interception/mod.rs-301-) {
dlp-agent/src/interception/mod.rs-302-    info!("interception event loop started");
dlp-agent/src/interception/mod.rs-303-
dlp-agent/src/interception/mod.rs-304-    while let Some(action) = rx.recv().await {
dlp-agent/src/interception/mod.rs-305-        let action = action.clone();
dlp-agent/src/interception/mod.rs-306-        let path = action.path().to_string();
dlp-agent/src/interception/mod.rs-307-        let pid = action.process_id();
dlp-agent/src/interception/mod.rs-308-
dlp-agent/src/interception/mod.rs-309-        // ── Resolve identity ───────────────────────────────────────────────
dlp-agent/src/interception/mod.rs-310-        // Resolved early so that both the USB short-circuit path and the ABAC
dlp-agent/src/interception/mod.rs-311-        // path emit accurate user attribution in their audit events.
dlp-agent/src/interception/mod.rs-312-        let (user_sid, user_name) = {
dlp-agent/src/interception/mod.rs-313-            let (app_path, _app_hash) = audit_emitter::get_application_metadata(pid);
dlp-agent/src/interception/mod.rs-314-            debug!(pid, path = %path, ?app_path, "file action received");
dlp-agent/src/interception/mod.rs-315-            // Resolve the actual user from the file path using the
dlp-agent/src/interception/mod.rs-316-            // per-session identity map (path heuristic + single-user
dlp-agent/src/interception/mod.rs-317-            // fallback).
dlp-agent/src/interception/mod.rs-318-            session_map.resolve_for_path(&path)
dlp-agent/src/interception/mod.rs-319-        };
dlp-agent/src/interception/mod.rs-320-
dlp-agent/src/interception/mod.rs-321-        // ── USB enforcement (pre-ABAC check) ─────────────────────────────
dlp-agent/src/interception/mod.rs-322-        // Fires before the ABAC engine. Blocked or ReadOnly+write operations

=== dlp-agent src/lib.rs mod declarations ===

=== AuditEvent struct ===

=== ContentClassifier classify signature ===
92:    pub fn classify(text: &str) -> Classification {
93-        let lower = text.to_lowercase();
94-
95-        // Check structured data patterns first (highest sensitivity).
96-        if contains_ssn_pattern(text) {
97-            debug!("clipboard classified as T4: SSN pattern detected");

=== windows crate features full list ===
windows = { version = "0.62", features = [
    "Win32_Foundation",
    # identity.rs: ConvertSidToStringSidW, ConvertStringSidToSidW (Authorization submodule)
    "Win32_Security",
    "Win32_Security_Authorization",
    "Win32_System_Threading",
    "Win32_System_Services",
    "Win32_System_Console",
    "Win32_System_ProcessStatus",
    "Win32_Storage_FileSystem",
    "Win32_System_Pipes",
    "Win32_System_IO",
    "Win32_System_RemoteDesktop",
    "Win32_System_Diagnostics_Debug",
    "Win32_System_Diagnostics_Etw",
    "Win32_System_Time",
    "Win32_Security_Cryptography",
    "Win32_System_Memory",
    "Win32_System_Registry",
    # detection/app_identity.rs: GetApplicationUserModelId (UWP AUMID resolution)
    "Win32_Storage_Packaging_Appx",
    # detection/network_share.rs: WNetOpenEnumW, WNetEnumResourceW (MPR/WNet submodule)
    "Win32_NetworkManagement_WNet",
    "Win32_System_DataExchange",
    # clipboard/listener.rs + detection/usb.rs: SetWindowsHookExW, CreateWindowExW,
    # RegisterClassW, RegisterDeviceNotificationW, DEV_BROADCAST_DEVICEINTERFACE_W, etc.
    "Win32_UI_WindowsAndMessaging",
    "Win32_Graphics_Gdi",
    # clipboard/listener.rs: GetModuleHandleW
    "Win32_System_LibraryLoader",
    # ad_client.rs: DsGetSiteNameW (AD site lookup)
