    Checking windows v0.62.2
    Checking wmi v0.18.4
    Checking dlp-common v0.1.0 (C:\Users\nhdinh\dev\dlp-rust\dlp-common)
    Checking dlp-agent v0.1.0 (C:\Users\nhdinh\dev\dlp-rust\dlp-agent)
warning: unused import: `error`
  --> dlp-agent\src\print_job_info.rs:22:22
   |
22 | use tracing::{debug, error};
   |                      ^^^^^
   |
   = note: `#[warn(unused_imports)]` (part of `#[warn(unused)]`) on by default

error[E0308]: mismatched types
   --> dlp-agent\src\print_job_info.rs:46:39
    |
 46 |         let _ = unsafe { ClosePrinter(self.handle) };
    |                          ------------ ^^^^^^^^^^^ expected `PRINTER_HANDLE`, found `HANDLE`
    |                          |
    |                          arguments to this function are incorrect
    |
note: function defined here
   --> C:\Users\nhdinh\.cargo\registry\src\index.crates.io-1949cf8c6b5b557f\windows-0.62.2\src\Windows\Win32\Graphics\Printing\mod.rs:219:15
    |
219 | pub unsafe fn ClosePrinter(hprinter: PRINTER_HANDLE) -> windows_core::Result<()> {
    |               ^^^^^^^^^^^^

error[E0308]: mismatched types
    --> dlp-agent\src\print_job_info.rs:92:13
     |
  90 |         OpenPrinterW(
     |         ------------ arguments to this function are incorrect
  91 |             PCWSTR::from_raw(name_wide.as_ptr()),
  92 |             &mut handle,
     |             ^^^^^^^^^^^ expected `*mut PRINTER_HANDLE`, found `&mut HANDLE`
     |
     = note:    expected raw pointer `*mut PRINTER_HANDLE`
             found mutable reference `&mut HANDLE`
note: function defined here
    --> C:\Users\nhdinh\.cargo\registry\src\index.crates.io-1949cf8c6b5b557f\windows-0.62.2\src\Windows\Win32\Graphics\Printing\mod.rs:1187:15
     |
1187 | pub unsafe fn OpenPrinterW<P0>(pprintername: P0, phprinter: *mut PRINTER_HANDLE, pdefault: Option<*const PRINTER_DEFAULTSW>) -> wi...
     |               ^^^^^^^^^^^^

error[E0061]: this function takes 5 arguments but 6 arguments were supplied
   --> dlp-agent\src\print_job_info.rs:116:9
    |
116 |         GetJobW(
    |         ^^^^^^^
117 |             handle.raw(),
    |             ------------ expected `PRINTER_HANDLE`, found `HANDLE`
...
121 |             0,
    |             - unexpected argument #5 of type `usize`
    |
note: function defined here
   --> C:\Users\nhdinh\.cargo\registry\src\index.crates.io-1949cf8c6b5b557f\windows-0.62.2\src\Windows\Win32\Graphics\Printing\mod.rs:962:15
    |
962 | pub unsafe fn GetJobW(hprinter: PRINTER_HANDLE, jobid: u32, level: u32, pjob: Option<&mut [u8]>, pcbneeded: *mut u32) -> windows_co...
    |               ^^^^^^^
help: remove the extra argument
    |
117 ~             /* PRINTER_HANDLE */,
118 |             job_id,
119 |             2,
120 ~             None,
    |

error[E0308]: mismatched types
   --> dlp-agent\src\print_job_info.rs:140:18
    |
140 |             Some(buf.as_mut_ptr()),
    |             ---- ^^^^^^^^^^^^^^^^ expected `&mut [u8]`, found `*mut u8`
    |             |
    |             arguments to this enum variant are incorrect
    |
    = note: expected mutable reference `&mut [u8]`
                     found raw pointer `*mut u8`
help: the type constructed contains `*mut u8` due to the type of the argument passed
   --> dlp-agent\src\print_job_info.rs:140:13
    |
140 |             Some(buf.as_mut_ptr()),
    |             ^^^^^----------------^
    |                  |
    |                  this argument influences the type of `Some`
note: tuple variant defined here
   --> C:\Users\nhdinh\.rustup\toolchains\stable-x86_64-pc-windows-msvc\lib/rustlib/src/rust\library\core\src\option.rs:608:5
    |
608 |     Some(#[stable(feature = "rust1", since = "1.0.0")] T),
    |     ^^^^

error[E0061]: this function takes 5 arguments but 6 arguments were supplied
   --> dlp-agent\src\print_job_info.rs:136:9
    |
136 |         GetJobW(
    |         ^^^^^^^
137 |             handle.raw(),
    |             ------------ expected `PRINTER_HANDLE`, found `HANDLE`
...
141 |             needed,
    |             ------ unexpected argument #5 of type `u32`
    |
note: function defined here
   --> C:\Users\nhdinh\.cargo\registry\src\index.crates.io-1949cf8c6b5b557f\windows-0.62.2\src\Windows\Win32\Graphics\Printing\mod.rs:962:15
    |
962 | pub unsafe fn GetJobW(hprinter: PRINTER_HANDLE, jobid: u32, level: u32, pjob: Option<&mut [u8]>, pcbneeded: *mut u32) -> windows_co...
    |               ^^^^^^^
help: remove the extra argument
    |
137 ~             /* PRINTER_HANDLE */,
138 |             job_id,
139 |             2,
140 ~             Some(buf.as_mut_ptr()),
    |

error[E0610]: `u32` is a primitive type and therefore doesn't have fields
   --> dlp-agent\src\print_job_info.rs:178:67
    |
178 |         SetJobW(handle.raw(), job_id, 0, None, JOB_CONTROL_DELETE.0)
    |                                                                   ^

error[E0308]: mismatched types
    --> dlp-agent\src\print_job_info.rs:178:17
     |
 178 |         SetJobW(handle.raw(), job_id, 0, None, JOB_CONTROL_DELETE.0)
     |         ------- ^^^^^^^^^^^^ expected `PRINTER_HANDLE`, found `HANDLE`
     |         |
     |         arguments to this function are incorrect
     |
note: function defined here
    --> C:\Users\nhdinh\.cargo\registry\src\index.crates.io-1949cf8c6b5b557f\windows-0.62.2\src\Windows\Win32\Graphics\Printing\mod.rs:1374:15
     |
1374 | pub unsafe fn SetJobW(hprinter: PRINTER_HANDLE, jobid: u32, level: u32, pjob: Option<*const u8>, command: u32) -> windows_core::BO...
     |               ^^^^^^^

error[E0599]: no method named `with_context` found for struct `BOOL` in the current scope
   --> dlp-agent\src\print_job_info.rs:179:14
    |
178 | /         SetJobW(handle.raw(), job_id, 0, None, JOB_CONTROL_DELETE.0)
179 | |             .with_context(|| {
    | |             -^^^^^^^^^^^^ method not found in `BOOL`
    | |_____________|
    |

error[E0610]: `u32` is a primitive type and therefore doesn't have fields
   --> dlp-agent\src\print_job_info.rs:192:35
    |
192 |     (status & JOB_STATUS_PRINTING.0) != 0
    |                                   ^

Some errors have detailed explanations: E0061, E0308, E0599, E0610.
For more information about an error, try `rustc --explain E0061`.
warning: `dlp-agent` (lib) generated 1 warning
error: could not compile `dlp-agent` (lib) due to 9 previous errors; 1 warning emitted
