   Compiling ring v0.17.14
   Compiling libsqlite3-sys v0.37.0
   Compiling dlp-common v0.1.0 (C:\Users\nhdinh\dev\dlp-rust\dlp-common)
   Compiling zopfli v0.8.3
   Compiling wmi v0.18.4
   Compiling secrecy v0.8.0
   Compiling dlp-user-ui v0.1.0 (C:\Users\nhdinh\dev\dlp-rust\dlp-user-ui)
   Compiling rustls v0.23.37
   Compiling zip v2.4.2
   Compiling rustls-webpki v0.103.10
   Compiling jsonwebtoken v9.3.1
   Compiling rusqlite v0.39.0
   Compiling r2d2_sqlite v0.33.0
   Compiling tokio-rustls v0.26.4
   Compiling hyper-rustls v0.27.7
   Compiling lettre v0.11.21
   Compiling reqwest v0.12.28
   Compiling dlp-agent v0.1.0 (C:\Users\nhdinh\dev\dlp-rust\dlp-agent)
   Compiling dlp-admin-cli v0.1.0 (C:\Users\nhdinh\dev\dlp-rust\dlp-admin-cli)
   Compiling dlp-server v0.1.0 (C:\Users\nhdinh\dev\dlp-rust\dlp-server)
error[E0308]: mismatched types
   --> dlp-agent\src\print_xps_parser.rs:105:60
    |
105 | ...                   .decode_and_unescape_value(&reader)
    |                        ------------------------- ^^^^^^^ expected `Decoder`, found `&Reader<&[u8]>`
    |                        |
    |                        arguments to this method are incorrect
    |
    = note: expected struct `Decoder`
            found reference `&quick_xml::Reader<&[u8]>`
note: method defined here
   --> C:\Users\nhdinh\.cargo\registry\src\index.crates.io-1949cf8c6b5b557f\quick-xml-0.36.2\src\events\attributes.rs:78:12
    |
 78 |     pub fn decode_and_unescape_value(&self, decoder: Decoder) -> XmlResult<Cow<'a, str>> {
    |            ^^^^^^^^^^^^^^^^^^^^^^^^^

For more information about this error, try `rustc --explain E0308`.
error: could not compile `dlp-agent` (lib) due to 1 previous error
warning: build failed, waiting for other jobs to finish...
error: could not compile `dlp-agent` (lib test) due to 1 previous error
