   Compiling dlp-agent v0.1.0 (C:\Users\nhdinh\dev\dlp-rust\dlp-agent)
   Compiling dlp-user-ui v0.1.0 (C:\Users\nhdinh\dev\dlp-rust\dlp-user-ui)
   Compiling dlp-e2e v0.1.0 (C:\Users\nhdinh\dev\dlp-rust\dlp-e2e)
   Compiling dlp-hook-dll v0.1.0 (C:\Users\nhdinh\dev\dlp-rust\dlp-hook-dll)
    Finished `test` profile [unoptimized + debuginfo] target(s) in 20.71s
     Running unittests src\lib.rs (target\debug\deps\dlp_admin_cli-5f20ac69a03dd7ff.exe)

running 0 tests

test result: ok. 0 passed; 0 failed; 0 ignored; 0 measured; 106 filtered out; finished in 0.00s

     Running unittests src\lib.rs (target\debug\deps\dlp_agent-328850bedfe84740.exe)

running 8 tests
test print_xps_parser::tests::extract_text_empty_bytes ... ok
test print_xps_parser::tests::extract_text_empty_zip_bytes ... ok
test print_xps_parser::tests::extract_text_max_pages_zero ... ok
test print_xps_parser::tests::extract_text_no_fpage_entries ... ok
test print_xps_parser::tests::extract_text_max_pages_one ... ok
test print_xps_parser::tests::extract_text_case_insensitive_fpage ... ok
test print_xps_parser::tests::extract_text_returns_known_text ... ok
test print_xps_parser::tests::extract_text_corrupted_xml_page ... ok

test result: ok. 8 passed; 0 failed; 0 ignored; 0 measured; 411 filtered out; finished in 0.00s

     Running unittests src\lib.rs (target\debug\deps\dlp_common-ef4e17dc9b4a4508.exe)

running 0 tests

test result: ok. 0 passed; 0 failed; 0 ignored; 0 measured; 144 filtered out; finished in 0.00s

     Running unittests src\lib.rs (target\debug\deps\dlp_e2e-303e3c2ca138c70c.exe)

running 0 tests

test result: ok. 0 passed; 0 failed; 0 ignored; 0 measured; 0 filtered out; finished in 0.00s

     Running unittests src\lib.rs (target\debug\deps\dlp_hook_dll-7e1bb63a11963831.exe)

running 0 tests

test result: ok. 0 passed; 0 failed; 0 ignored; 0 measured; 13 filtered out; finished in 0.00s

     Running unittests src\lib.rs (target\debug\deps\dlp_server-b193dd95bcb19325.exe)

running 0 tests

test result: ok. 0 passed; 0 failed; 0 ignored; 0 measured; 238 filtered out; finished in 0.00s

     Running unittests src\lib.rs (target\debug\deps\dlp_user_ui-8a30634704560ce8.exe)

running 0 tests

test result: ok. 0 passed; 0 failed; 0 ignored; 0 measured; 27 filtered out; finished in 0.00s

