   Compiling dlp-agent v0.1.0 (C:\Users\nhdinh\dev\dlp-rust\dlp-agent)
    Finished `test` profile [unoptimized + debuginfo] target(s) in 22.78s
     Running unittests src\lib.rs (target\debug\deps\dlp_agent-a7ee2d9bc787846f.exe)

running 8 tests
test print_xps_parser::tests::extract_text_empty_bytes ... ok
test print_xps_parser::tests::extract_text_max_pages_zero ... ok
test print_xps_parser::tests::extract_text_no_fpage_entries ... ok
test print_xps_parser::tests::extract_text_case_insensitive_fpage ... ok
test print_xps_parser::tests::extract_text_empty_zip_bytes ... ok
test print_xps_parser::tests::extract_text_corrupted_xml_page ... ok
test print_xps_parser::tests::extract_text_max_pages_one ... ok
test print_xps_parser::tests::extract_text_returns_known_text ... ok

test result: ok. 8 passed; 0 failed; 0 ignored; 0 measured; 411 filtered out; finished in 0.00s

     Running unittests src\main.rs (target\debug\deps\dlp_agent-12493bc03805ce78.exe)

running 0 tests

test result: ok. 0 passed; 0 failed; 0 ignored; 0 measured; 0 filtered out; finished in 0.00s

     Running tests\chrome_pipe.rs (target\debug\deps\chrome_pipe-b3179e1cf84f727c.exe)

running 0 tests

test result: ok. 0 passed; 0 failed; 0 ignored; 0 measured; 5 filtered out; finished in 0.00s

     Running tests\comprehensive.rs (target\debug\deps\comprehensive-b90b4b1b04cf15e0.exe)

running 0 tests

test result: ok. 0 passed; 0 failed; 0 ignored; 0 measured; 170 filtered out; finished in 0.00s

     Running tests\device_registry_cache.rs (target\debug\deps\device_registry_cache-96661071803c9986.exe)

running 0 tests

test result: ok. 0 passed; 0 failed; 0 ignored; 0 measured; 3 filtered out; finished in 0.00s

     Running tests\encryption_integration.rs (target\debug\deps\encryption_integration-771c50b5c58aaced.exe)

running 0 tests

test result: ok. 0 passed; 0 failed; 0 ignored; 0 measured; 8 filtered out; finished in 0.00s

     Running tests\integration.rs (target\debug\deps\integration-6cabe20fb9755fdf.exe)

running 0 tests

test result: ok. 0 passed; 0 failed; 0 ignored; 0 measured; 52 filtered out; finished in 0.00s

     Running tests\negative.rs (target\debug\deps\negative-7163e806741603b5.exe)

running 0 tests

test result: ok. 0 passed; 0 failed; 0 ignored; 0 measured; 7 filtered out; finished in 0.00s

