    Finished `test` profile [unoptimized + debuginfo] target(s) in 0.36s
     Running unittests src\lib.rs (target\debug\deps\dlp_agent-a7ee2d9bc787846f.exe)

running 411 tests
test cache::tests::test_cache_miss ... ok
test audit_emitter::tests::test_enrich_audit_with_app_identity_uses_agent_unknown_for_invalid_pid ... ok
test audit_emitter::tests::test_enrich_audit_with_app_identity_sets_source ... ok
test audit_emitter::tests::test_drag_drop_audit_event_has_app_identity ... ok
test audit_emitter::tests::test_emit_audit_guarantees_source_application ... ok
test audit_emitter::tests::test_emit_audit_preserves_resolved_identity ... ok
test audit_emitter::tests::test_set_destination_application_with_none_uses_agent_unknown ... ok
test cache::tests::test_cache_clear ... ok
test cache::tests::test_cache_len ... ok
test cache::tests::test_fail_closed_t1_allows ... ok
test audit_emitter::tests::test_drag_drop_audit_event_applies_agent_unknown_when_missing ... ok
test cache::tests::test_fail_closed_t3 ... ok
test audit_emitter::tests::test_emit_audit_guarantees_destination_application ... ok
test audit_emitter::tests::test_set_destination_application_with_some ... ok
test cache::tests::test_cache_insert_get ... ok
test cache::tests::test_fail_closed_t4 ... ok
test cache::tests::test_hash_str_deterministic ... ok
test chrome::cache::tests::test_is_managed_empty_cache_returns_false ... ok
test chrome::cache::tests::test_is_managed_known_origin_returns_true ... ok
test chrome::cache::tests::test_seed_for_test_inserts_origin ... ok
test chrome::cache::tests::test_is_managed_unknown_origin_returns_false ... ok
test chrome::frame::tests::test_max_payload_is_4_mib ... ok
test chrome::handler::tests::test_dispatch_abac_allows_via_policy ... ok
test chrome::handler::tests::test_dispatch_abac_evaluator_not_set_allows ... ok
test chrome::handler::tests::test_dispatch_clipboard_no_url_allows ... ok
test chrome::handler::tests::test_make_result_allow_has_report_only_action ... ok
test chrome::handler::tests::test_to_origin_basic_https ... ok
test chrome::handler::tests::test_dispatch_managed_origin_blocks ... ok
test chrome::handler::tests::test_to_origin_strips_port ... ok
test chrome::handler::tests::test_dispatch_unmanaged_origin_allows ... ok
test chrome::handler::tests::test_dispatch_abac_denies_via_policy ... ok
test chrome::cache::tests::test_concurrent_reads_do_not_deadlock ... ok
test chrome::handler::tests::test_to_origin_no_scheme_returns_none ... ok
test chrome::handler::tests::test_make_result_block_has_block_action ... ok
test chrome::registry::tests::test_register_agent_skipped_with_env_var ... ok
test clipboard::classifier::tests::test_cc_pattern_not_false_positive ... ok
test clipboard::classifier::tests::test_classify_credit_card_raw ... ok
test clipboard::classifier::tests::test_classify_confidential_keyword ... ok
test chrome::handler::tests::test_dispatch_non_clipboard_allows ... ok
test chrome::handler::tests::test_to_origin_uppercase_normalised ... ok
test clipboard::classifier::tests::test_classify_credit_card_spaces ... ok
test clipboard::classifier::tests::test_classify_credit_card_dashes ... ok
test clipboard::classifier::tests::test_classify_do_not_distribute ... ok
test chrome::handler::tests::test_to_origin_empty_string_returns_none ... ok
test clipboard::classifier::tests::test_classify_empty ... ok
test clipboard::classifier::tests::test_classify_internal_only ... ok
test clipboard::classifier::tests::test_classify_public ... ok
test clipboard::classifier::tests::test_classify_secret_keyword ... ok
test clipboard::classifier::tests::test_classify_ssn ... ok
test clipboard::classifier::tests::test_classify_ssn_spaces ... ok
test clipboard::classifier::tests::test_highest_tier_wins ... ok
test audit_emitter::tests::test_creates_directory ... ok
test clipboard::classifier::tests::test_ssn_pattern_not_false_positive ... ok
test clipboard::listener::tests::test_clipboard_listener_new ... ok
test clipboard::listener::tests::test_clipboard_listener_stop ... ok
test clipboard::listener::tests::test_clipboard_event_preview_length ... ok
test clipboard::listener::tests::test_process_clipboard_text_empty_ignored ... ok
test audit_emitter::tests::test_rotation ... ok
test clipboard::listener::tests::test_read_wide_string_null ... ok
test clipboard::listener::tests::test_read_wide_string_valid ... ok
test clipboard::listener::tests::test_truncate_preview_empty ... ok
test clipboard::listener::tests::test_truncate_preview_long ... ok
test cloud_enforcer::tests::test_created_action_blocked ... ok
test clipboard::listener::tests::test_truncate_preview_short ... ok
test cloud_enforcer::tests::test_custom_sync_path ... ok
test cloud_enforcer::tests::test_deleted_action_returns_none ... ok
test cloud_enforcer::tests::test_empty_path_returns_none ... ok
test cloud_enforcer::tests::test_t4_file_in_sync_folder_blocked ... ok
test cloud_enforcer::tests::test_moved_action_blocked ... ok
test cloud_enforcer::tests::test_path_outside_sync_folder_returns_none ... ok
test cloud_enforcer::tests::test_read_action_returns_none ... ok
test clipboard::listener::tests::test_process_clipboard_text_t4 ... ok
test cloud_enforcer::tests::test_t1_file_in_sync_folder_returns_none ... ok
test clipboard::listener::tests::test_process_clipboard_text_t3 ... ok
test cloud_enforcer::tests::test_t3_file_in_sync_folder_blocked ... ok
test clipboard::listener::tests::test_process_clipboard_text_t1_not_emitted ... ok
test cloud_enforcer::tests::test_unc_path_returns_none ... ok
test config::tests::test_agent_config_new_fields_default ... ok
test config::tests::test_agent_config_usb_fields_deserialize ... ok
test config::tests::test_agent_config_backwards_compatible ... ok
test config::tests::test_agent_config_usb_fields_backwards_compatible ... ok
test config::tests::test_agent_config_new_fields_deserialize ... ok
test config::tests::test_agent_config_usb_fields_default ... ok
test config::tests::test_cache_ttl_clamp_high_to_3600 ... ok
test config::tests::test_cache_ttl_clamp_low_to_60 ... ok
test config::tests::test_bom_stripped_before_parse ... ok
test config::tests::test_default_config ... ok
test config::tests::test_encryption_recheck_interval_boundary_values_pass_through ... ok
test config::tests::test_deserialize_server_url ... ok
test config::tests::test_deserialize_partial_toml ... ok
test config::tests::test_deserialize_toml ... ok
test config::tests::test_disk_allowlist_backwards_compat ... ok
test config::tests::test_effective_config_path_env_override ... ok
test config::tests::test_disk_allowlist_omits_none_encryption_fields ... ok
test config::tests::test_effective_config_path_no_env_uses_default ... ok
test config::tests::test_deserialize_empty_toml ... ok
test config::tests::test_encryption_recheck_interval_clamp_high ... ok
test config::tests::test_encryption_recheck_interval_clamp_low ... ok
test config::tests::test_encryption_recheck_interval_default_value_passes_through ... ok
test config::tests::test_agent_config_save_preserves_server_url ... ok
test config::tests::test_agent_config_save_roundtrip ... ok
test config::tests::test_encryption_section_absent_uses_default ... ok
test config::tests::test_encryption_recheck_interval_passes_through_in_range ... ok
test config::tests::test_log_level_roundtrip_toml ... ok
test config::tests::test_load_missing_file_returns_default ... ok
test config::tests::test_poll_interval_defaults_to_30 ... ok
test config::tests::test_invalid_toml_syntax_falls_back_to_defaults ... ok
test audit_emitter::tests::test_emit_and_read_back ... ok
test config::tests::test_disk_allowlist_toml_roundtrip ... ok
test config::tests::test_poll_interval_passes_through ... ok
test config::tests::test_poll_interval_rejects_below_5 ... ok
test config::tests::test_recheck_interval_clamp_high_to_86400 ... ok
test config::tests::test_recheck_interval_clamp_low_to_60 ... ok
test config::tests::test_resolve_watch_paths_configured ... ok
test config::tests::test_resolved_log_level_known_values ... ok
test config::tests::test_resolved_log_level_none_defaults_to_trace ... ok
test config::tests::test_resolved_log_level_unknown_falls_back_to_trace ... ok
test config::tests::test_resolve_watch_paths_default ... ok
test detection::app_identity::tests::test_app_identity_with_uwp_fields ... ok
test config::tests::test_unknown_toml_key_warns_but_loads ... ok
test detection::app_identity::tests::test_dead_hwnd_gives_unknown_identity ... ok
test detection::app_identity::tests::test_is_uwp_path_detects_windows_apps ... ok
test detection::disk::tests::test_disk_enumerator_default_empty ... ok
test detection::app_identity::tests::test_package_family_name_from_aumid ... ok
test detection::app_identity::tests::test_trust_tier_from_signature_state_invalid_is_untrusted ... ok
test detection::app_identity::tests::test_trust_tier_from_signature_state_not_signed_is_untrusted ... ok
test detection::app_identity::tests::test_trust_tier_from_signature_state_unknown_is_unknown ... ok
test detection::app_identity::tests::test_trust_tier_from_signature_state_valid_is_trusted ... ok
test detection::device_watcher::tests::test_extract_disk_instance_id_no_guid_suffix ... ok
test detection::device_watcher::tests::test_extract_disk_instance_id_strips_prefix_and_guid ... ok
test detection::disk::tests::test_block_disk_at_mount_time_signature ... ok
test detection::app_identity::tests::test_resolve_app_identity_none_hwnd_returns_none ... ok
test detection::device_watcher::tests::test_extract_disk_instance_id_no_prefix ... ok
test detection::disk::tests::test_disk_enumerator_default_impl ... ok
test detection::disk::tests::test_disk_enumerator_update_and_query ... ok
test detection::disk::tests::test_disk_enumerator_is_ready ... ok
test detection::disk::tests::test_emit_disk_enumeration_failed_builds_correct_event ... ok
test detection::disk::tests::test_emit_disk_discovery_builds_correct_event ... ok
test detection::disk::tests::test_emit_disk_quarantine_expired_fields ... ok
test detection::disk::tests::test_grace_period_removed_on_disk_removal ... ok
test audit_emitter::tests::test_multiple_events ... ok
test detection::disk::tests::test_emit_disk_quarantine_started_fields ... ok
test detection::disk::tests::test_get_boot_drive_letter_non_windows ... ok
test detection::disk::tests::test_emit_disk_mount_blocked_event_fields ... ok
test detection::disk::tests::test_global_static_get_set ... ok
test detection::disk::tests::test_grace_period_seconds_clamped_to_max ... ok
test detection::disk::tests::test_grace_period_inserts_to_drive_letter_map ... ok
test detection::disk::tests::test_grace_period_seconds_in_range_passes_through ... ok
test detection::device_watcher::tests::test_set_runtime_handle_stores_handle ... ok
test detection::disk::tests::test_is_boot_disk_true_when_letters_differ_in_case ... ok
test detection::disk::tests::test_is_in_grace_period_false_for_unknown ... ok
test detection::disk::tests::test_grace_period_zero_immediate_block ... ok
test detection::disk::tests::test_is_in_grace_period_true_recent ... ok
test detection::disk::tests::test_merge_disconnected_disk_retained ... ok
test detection::app_identity::tests::test_verify_and_cache_second_call_is_cache_hit ... ok
test detection::disk::tests::test_on_disk_removal_unknown_id_is_noop ... ok
test detection::app_identity::tests::test_verify_and_cache_returns_not_signed_for_unsigned_binary ... ok
test detection::app_identity::tests::test_verify_and_cache_different_paths_are_separate_entries ... ok
test detection::disk::tests::test_is_in_grace_period_false_when_zero ... ok
test detection::disk::tests::test_merge_sorts_by_instance_id ... ok
test detection::app_identity::tests::test_build_app_identity_from_path_sets_image_path_field ... ok
test detection::disk::tests::test_merge_live_wins_over_toml ... ok
test detection::disk::tests::test_on_disk_arrival_error_includes_device_path ... ok
test detection::disk::tests::test_spawn_disk_enumeration_retry_delays_documented ... ok
test detection::disk::tests::test_on_disk_arrival_inner_skips_already_tracked ... ok
test detection::disk::tests::test_pre_load_populates_instance_map ... ok
test detection::disk::tests::test_on_disk_arrival_skips_unregistered_disk ... ok
test detection::disk::tests::test_on_disk_removal_clears_drive_letter_map_only ... ok
test detection::disk::tests::test_on_disk_arrival_inner_updates_drive_letter_map_only ... ok
test detection::encryption::tests::test_build_change_justification ... ok
test detection::encryption::tests::test_compute_changed_transitions_first_observation_is_change ... ok
test detection::disk::tests::test_persist_save_failure_is_non_fatal ... ok
test detection::encryption::tests::test_compute_changed_transitions_unchanged_excluded ... ok
test detection::encryption::tests::test_build_unknown_justification ... ok
test detection::encryption::tests::test_derive_encryption_status_truth_table ... ok
test detection::encryption::tests::test_encryption_checker_default ... ok
test detection::encryption::tests::test_global_static_get_set ... ok
test detection::encryption::tests::test_compute_changed_transitions_unknown_to_unknown_is_unchanged ... ok
test detection::encryption::tests::test_parse_drive_letter ... ok
test detection::encryption::tests::test_status_lookup_after_update ... ok
test detection::encryption::tests::test_mark_first_check_complete_idempotent ... ok
test detection::network_share::tests::test_case_insensitive_matching ... ok
test detection::network_share::tests::test_empty_whitelist_allows_non_sensitive ... ok
test detection::encryption::tests::test_warrants_registry_fallback ... ok
test detection::network_share::tests::test_add_remove_whitelist ... ok
test detection::network_share::tests::test_smb_monitor_clone ... ok
test detection::network_share::tests::test_empty_whitelist_blocks_sensitive ... ok
test detection::network_share::tests::test_non_whitelisted_server_blocked ... ok
test detection::network_share::tests::test_prefix_matching ... ok
test detection::network_share::tests::test_extract_server_name ... ok
test detection::network_share::tests::test_smb_monitor_should_block ... ok
test detection::network_share::tests::test_smb_monitor_whitelist_api ... ok
test detection::usb::tests::test_decide_enforcement_outcome_hard_error_both_fail ... ok
test detection::network_share::tests::test_replace_whitelist ... ok
test detection::network_share::tests::test_smb_share_event_debug ... ok
test detection::network_share::tests::test_smb_monitor_stop_flag ... ok
test detection::usb::tests::test_decide_enforcement_outcome_hard_error_both_succeed ... ok
test detection::network_share::tests::test_whitelisted_server_allowed ... ok
test detection::usb::tests::test_decide_enforcement_outcome_hard_error_dacl_only_fails ... ok
test detection::usb::tests::test_decide_enforcement_outcome_hard_error_pnp_only_fails ... ok
test detection::usb::tests::test_decide_enforcement_outcome_retry_then_error_pnp_fails ... ok
test detection::usb::tests::test_decide_enforcement_outcome_retry_then_error_pnp_succeeds ... ok
test detection::usb::tests::test_on_drive_arrival_removal ... ok
test detection::usb::tests::test_on_usb_device_removal_logic_matches_by_vid_pid_serial ... ok
test detection::usb::tests::test_device_identities_default_empty ... ok
test detection::usb::tests::test_device_identity_for_drive_present_and_absent ... ok
test detection::usb::tests::test_drive_letter_case_insensitive ... ok
test detection::usb::tests::test_extract_drive_letter ... ok
test detection::usb::tests::test_decide_enforcement_outcome_warning_only_mode ... ok
test detection::usb::tests::test_apply_tier_enforcement_no_controller_returns_err ... ok
test detection::usb::tests::test_should_block_write_t1_t2_allowed ... ok
test detection::usb::tests::test_usb_detector_default ... ok
test detection::usb::tests::test_should_block_non_usb_drive ... ok
test detection::usb::tests::test_usb_device_arrival_parks_when_no_volume_yet ... ok
test detection::usb::tests::test_on_usb_device_arrival_stores_identity_when_drive_letter_available ... ok
test detection::usb::tests::test_should_block_write_t4_usb ... ok
test device_controller::tests::test_deny_all_and_readonly_share_cache ... ok
test device_controller::tests::test_map_resolution_error_config_manager ... ok
test device_controller::tests::test_dacl_backup_roundtrip ... ok
test device_controller::tests::test_device_controller_new_empty_cache ... ok
test device_controller::tests::test_multiple_drive_letters_isolated ... ok
test device_controller::tests::test_set_volume_deny_all_caches_dacl ... ok
test device_controller::tests::test_disable_usb_device_with_retry_blocking_zero_retries ... ok
test device_controller::tests::test_disable_usb_device_signature_compiles ... ok
test device_registry::tests::test_trust_tier_for_empty_cache_returns_blocked ... ok
test device_registry::tests::test_trust_tier_for_known_device_returns_tier ... ok
test device_registry::tests::test_trust_tier_for_unknown_device_returns_blocked ... ok
test device_registry::tests::test_has_device_with_sid ... ok
test device_controller::tests::test_enable_usb_device_signature_compiles ... ok
test device_registry::tests::test_serials_for_vid_pid_across_owner_sids ... ok
test device_registry::tests::test_refresh_with_sid_populates_cache ... ok
test device_registry::tests::test_trust_tier_machine_wide_returns_none_owner ... ok
test device_registry::tests::test_trust_tier_most_restrictive_merge ... ok
test device_registry::tests::test_trust_tier_per_user_only ... ok
test device_registry::tests::test_trust_tier_machine_wide_only ... ok
test device_registry::tests::test_trust_tier_no_sid_falls_back_to_machine_wide ... ok
test disk_enforcer::tests::test_allowlisted_disk_passes ... ok
test device_registry::tests::test_trust_tier_per_user_wins_over_machine_wide ... ok
test device_registry::tests::test_trust_tier_unknown_sid_defaults_blocked ... ok
test device_registry::tests::test_concurrent_reads_do_not_deadlock ... ok
test device_registry::tests::test_trust_tier_returns_owner_fields ... ok
test disk_enforcer::tests::test_disk_enforcer_allows_reads_during_grace_period ... ok
test disk_enforcer::tests::test_disk_enforcer_blocks_when_grace_period_expired ... ok
test disk_enforcer::tests::test_disk_enforcer_blocks_writes_during_grace_period ... ok
test disk_enforcer::tests::test_drive_letter_helpers ... ok
test disk_enforcer::tests::test_path_not_in_drive_letter_map_passes ... ok
test disk_enforcer::tests::test_serial_mismatch_blocked ... ok
test disk_enforcer::tests::test_deleted_action_returns_none ... ok
test disk_enforcer::tests::test_unc_path_returns_none ... ok
test disk_enforcer::tests::test_should_notify_cooldown ... ok
test disk_enforcer::tests::test_unregistered_disk_blocked_on_create_write_move ... ok
test engine_client::tests::test_is_retryable_4xx ... ok
test disk_enforcer::tests::test_write_blocked_when_not_ready_fail_closed ... ok
test disk_enforcer::tests::test_read_action_returns_none ... ok
test engine_client::tests::test_is_retryable_timeout ... ok
test engine_client::tests::test_is_retryable_5xx ... ok
test hook_injector::tests::test_injector_rejects_long_path ... ok
test hook_injector::tests::test_injector_rejects_pid_zero ... ok
test hook_injector::tests::test_injector_rejects_missing_dll ... ok
test engine_client::tests::test_engine_client_new ... ok
test engine_client::tests::test_engine_client_default ... ok
test hook_ipc::tests::hook_ipc_server_not_running_connect_fails ... ok
test identity::tests::test_identity_resolver_default ... ok
test hook_injector::tests::test_is_module_loaded_not_found ... ok
test identity::tests::test_windows_identity_to_subject ... ok
test hook_injector::tests::test_is_module_loaded_finds_kernel32 ... ok
test interception::drag_drop::tests::test_drag_drop_enforcer_new ... ok
test interception::drag_drop::tests::test_evaluate_drag_drop_allow_by_default ... ok
test interception::drag_drop::tests::test_drag_drop_enforcer_stop ... ok
test interception::drag_drop::tests::test_evaluate_drag_drop_allows_trusted_dest ... ok
test hook_ipc::tests::hook_ipc_zero_byte_payload_returns_no_response ... ok
test hook_ipc::tests::hook_ipc_malformed_request_logged_and_dropped ... ok
test hook_ipc::tests::hook_ipc_empty_path_boundary ... ok
test interception::file_monitor::tests::test_custom_exclusion_case_insensitive ... ok
test interception::drag_drop::tests::test_evaluate_drag_drop_denies_untrusted_source ... ok
test hook_ipc::tests::hook_ipc_oversized_path_frame_rejected ... ok
test interception::drag_drop::tests::test_uninstall_idempotent ... ok
test interception::file_monitor::tests::test_custom_exclusion_matches ... ok
test interception::drag_drop::tests::test_evaluate_drag_drop_allows_unknown_tier ... ok
test interception::file_monitor::tests::test_excluded_appdata_tree ... ok
test interception::drag_drop::tests::test_evaluate_drag_drop_denies_untrusted_dest ... ok
test interception::file_monitor::tests::test_custom_exclusion_does_not_affect_non_matching ... ok
test interception::drag_drop::tests::test_wm_dropfiles_extracts_file_count ... ok
test interception::file_monitor::tests::test_excluded_program_files ... ok
test interception::file_monitor::tests::test_excluded_programdata ... ok
test interception::file_monitor::tests::test_excluded_windows_dir ... ok
test interception::file_monitor::tests::test_file_action_moved_path_returns_new ... ok
test interception::file_monitor::tests::test_file_action_path_created ... ok
test interception::file_monitor::tests::test_interception_engine_default ... ok
test interception::file_monitor::tests::test_not_excluded_data_dir ... ok
test interception::file_monitor::tests::test_not_excluded_restricted_dir ... ok
test interception::file_monitor::tests::test_not_excluded_user_documents ... ok
test interception::file_monitor::tests::test_excluded_recycle_bin ... ok
test interception::policy_mapper::tests::test_action_for_read ... ok
test interception::policy_mapper::tests::test_action_for_deleted ... ok
test interception::policy_mapper::tests::test_action_for_created ... ok
test interception::policy_mapper::tests::test_content_classification_nonexistent_file ... ok
test interception::policy_mapper::tests::test_path_classification_case_insensitive ... ok
test interception::policy_mapper::tests::test_provisional_classification_public ... ok
test interception::policy_mapper::tests::test_provisional_classification_t1_default ... ok
test interception::policy_mapper::tests::test_provisional_classification_t3 ... ok
test interception::policy_mapper::tests::test_provisional_classification_t4 ... ok
test interception::policy_mapper::tests::test_provisional_classification_t2 ... ok
test ipc::messages::tests::ping_roundtrip ... ok
test ipc::messages::tests::pong_roundtrip ... ok
test ipc::messages::tests::server_connected_roundtrip ... ok
test ipc::messages::tests::test_clipboard_alert_none_fields_skipped_in_json ... ok
test ipc::messages::tests::test_clipboard_alert_deserializes_legacy_payload ... ok
test ipc::messages::tests::test_clipboard_alert_round_trip_with_app_identity ... ok
test ipc::messages::tests::test_drag_drop_alert_deserializes_legacy_payload ... ok
test ipc::messages::tests::test_drag_drop_alert_skips_none_fields ... ok
test interception::policy_mapper::tests::test_content_classification_empty_file ... ok
test ipc::messages::tests::test_drag_drop_alert_roundtrip_with_app_identity ... ok
test ipc::messages::tests::test_pipe2_toast_unchanged ... ok
test ipc::pipe_security::tests::test_pipe_security_as_ptr_non_null ... ok
test offline::tests::test_build_probe_request ... ok
test ipc::pipe_security::tests::test_pipe_security_creates_successfully ... ok
test offline::tests::test_offline_decision_cache_hit ... ok
test print_job_info::tests::is_job_printing_with_printing_bit ... ok
test offline::tests::test_offline_decision_cache_miss_t4_denied ... ok
test offline::tests::test_starts_online ... ok
test print_job_info::tests::is_job_printing_with_mixed_bits ... ok
test print_job_info::tests::is_job_printing_with_zero_status ... ok
test offline::tests::test_transition_offline_online ... ok
test offline::tests::test_offline_decision_cache_miss_t1_allowed ... ok
test print_job_info::tests::job_info_clone_equality ... ok
test interception::policy_mapper::tests::test_content_classification_confidential_keyword ... ok
test server_client::tests::test_agent_config_payload_disk_allowlist_default_when_missing ... ok
test server_client::tests::test_agent_config_payload_disk_allowlist_with_unknown_bus_type ... ok
test print_job_info::tests::pwstr_to_string_null ... ok
test print_job_info::tests::job_info_default_construction ... ok
test server_client::tests::test_agent_config_payload_disk_allowlist_roundtrip ... ok
test server_client::tests::test_agent_config_payload_serde ... ok
test server_client::tests::test_agent_config_payload_usb_fields_default_when_missing ... ok
test server_client::tests::test_agent_config_payload_usb_fields_roundtrip ... ok
test server_client::tests::test_agent_config_payload_with_ldap_config ... ok
test server_client::tests::test_default_server_url_constant ... ok
test interception::policy_mapper::tests::test_content_classification_plain_text ... ok
test server_client::tests::test_audit_buffer_debug ... ok
test interception::policy_mapper::tests::test_content_classification_ssn ... ok
test server_client::tests::test_fetch_device_registry_with_sid_includes_owner_fields ... ok
test server_client::tests::test_fetch_device_registry_backward_compat ... ok
test server_client::tests::test_audit_buffer_enqueue ... ok
test detection::device_watcher::tests::test_deferred_spawn_pattern_completes ... ok
test interception::policy_mapper::tests::test_provisional_with_content_fallback ... ok
test server_client::tests::test_normalize_url ... ok
test server_client::tests::test_flush_empty_buffer_is_noop ... ok
test server_client::tests::test_from_env_defaults ... ok
test service::tests::test_apply_payload_print_fields ... ok
test service::tests::test_apply_payload_print_fields_no_change ... ok
test service::tests::test_apply_payload_print_fields_none_guard ... ok
test server_client::tests::test_send_audit_events_empty_slice ... ok
test service::tests::test_apply_payload_print_unclassifiable_action_empty_guard ... ok
test service::tests::test_apply_payload_usb_fields ... ok
test service::tests::test_apply_payload_usb_fields_empty_guard ... ok
test service::tests::test_apply_payload_usb_fields_no_change ... ok
test service::tests::test_apply_payload_usb_fields_none_guard ... ok
test service::tests::test_config_poll_applies_disk_allowlist_first_time ... ok
test service::tests::test_config_poll_no_change_when_allowlist_unchanged ... ok
test service::tests::test_with_config_returns_none_when_uninitialized ... ok
test service::tests::test_with_config_returns_value_when_initialized ... ok
test service::tests::test_config_poll_preserves_live_enumerated_disks_not_in_allowlist ... ok
test service::tests::test_config_poll_removes_deallowlisted_disk ... ok
test session_identity::tests::test_add_remove_session ... ok
test session_identity::tests::test_extract_profile_username_bare_users ... ok
test session_identity::tests::test_extract_profile_username_case_insensitive ... ok
test session_identity::tests::test_extract_profile_username_forward_slash ... ok
test session_identity::tests::test_extract_profile_username_no_match ... ok
test session_identity::tests::test_fallback_from_env ... ok
test session_identity::tests::test_multiple_sessions_non_profile_path_falls_back ... ok
test session_identity::tests::test_remove_nonexistent_session_is_noop ... ok
test session_identity::tests::test_extract_profile_username_basic ... ok
test session_identity::tests::test_resolve_case_insensitive ... ok
test session_identity::tests::test_resolve_non_user_path ... ok
test session_identity::tests::test_session_zero_rejected ... ok
test session_identity::tests::test_single_user_heuristic ... ok
test session_identity::tests::test_resolve_user_profile_path ... ok
test usb_enforcer::tests::test_blocked_device_returns_none ... ok
test usb_enforcer::tests::test_extract_drive_letter_empty_returns_none ... ok
test usb_enforcer::tests::test_extract_drive_letter_unc_returns_none ... ok
test usb_enforcer::tests::test_blocked_drive_without_identity_returns_blocked ... ok
test usb_enforcer::tests::test_extract_drive_letter_valid ... ok
test usb_enforcer::tests::test_full_access_device_all_actions_allowed ... ok
test usb_enforcer::tests::test_full_access_device_returns_none ... ok
test usb_enforcer::tests::test_fullaccess_registered_returns_none_with_tier ... ok
test usb_enforcer::tests::test_known_usb_without_identity_block_result_fields ... ok
test usb_enforcer::tests::test_known_usb_without_identity_is_denied ... ok
test usb_enforcer::tests::test_non_alpha_path_returns_none ... ok
test usb_enforcer::tests::test_per_drive_isolation ... ok
test usb_enforcer::tests::test_readonly_device_returns_none ... ok
test usb_enforcer::tests::test_resolve_tier_for_identity_registered ... ok
test usb_enforcer::tests::test_resolve_tier_for_identity_unregistered_defaults_blocked ... ok
test usb_enforcer::tests::test_non_usb_drive_returns_none ... ok
test service::tests::test_config_poll_persists_disk_allowlist_to_toml ... ok
test usb_enforcer::tests::test_unc_path_returns_none ... ok
test usb_enforcer::tests::test_unregistered_block_result_fields ... ok
test usb_enforcer::tests::test_unregistered_device_defaults_to_blocked ... ok
test wfp_manager::tests::test_block_invalid_pid ... ok
test wfp_manager::tests::test_add_remove_block ... ok
test wfp_manager::tests::test_double_block_same_pid ... ok
test wfp_manager::tests::test_register_unregister ... ok
test wfp_manager::tests::test_remove_nonexistent_pid ... ok
test device_controller::tests::test_disable_usb_device_with_retry_blocking_exhausts_retries ... ok
test hook_ipc::tests::hook_ipc_roundtrip_test ... ok
test hook_injector::tests::test_injector_successfully_injects_dll ... ok
test server_client::tests::test_register_unreachable_server ... ok
test server_client::tests::test_fetch_auth_hash_unreachable_server ... ok
test server_client::tests::test_heartbeat_unreachable_server ... ok
test server_client::tests::test_fetch_agent_config_unreachable ... ok
test server_client::tests::test_fetch_managed_origins_unreachable_server ... ok
test server_client::tests::test_fetch_device_registry_unreachable_server ... ok

test result: ok. 411 passed; 0 failed; 0 ignored; 0 measured; 0 filtered out; finished in 5.06s

