=== RunLoopContext full definition ===
587:struct RunLoopContext {
588-    /// Handle to the file monitor task (spawned via `spawn_blocking`).
589-    file_handle: tokio::task::JoinHandle<()>,
590-    /// Clone of the file monitor for calling `stop()` on shutdown.
591-    file_monitor: crate::interception::InterceptionEngine,
592-    /// Handle to the async interception event loop.
593-    event_loop_handle: tokio::task::JoinHandle<()>,
594-    /// Handle to the Policy Engine heartbeat task.
595-    heartbeat_handle: tokio::task::JoinHandle<()>,
596-    /// Sender to signal the heartbeat task to exit.
597-    heartbeat_shutdown_tx: tokio::sync::watch::Sender<bool>,
598-    /// Handle to the Pipe 1 heartbeat task.
599-    pipe1_hb_handle: tokio::task::JoinHandle<()>,
600-    /// Sender to signal the Pipe 1 heartbeat to exit.
601-    pipe1_shutdown_tx: tokio::sync::watch::Sender<bool>,
602-    /// Handle to the config poll task (optional when no server client).
603-    config_poll_handle: Option<tokio::task::JoinHandle<()>>,
604-    /// Sender to signal the config poll task to exit.
605-    config_shutdown_tx: tokio::sync::watch::Sender<bool>,
606-    /// Handle to the device registry poll task.
607-    registry_poll_handle: Option<tokio::task::JoinHandle<()>>,
608-    /// Sender to signal the registry poll task to exit.
609-    registry_shutdown_tx: tokio::sync::watch::Sender<bool>,
610-    /// Handle to the managed origins poll task.
611-    origins_poll_handle: Option<tokio::task::JoinHandle<()>>,
612-    /// Sender to signal the origins poll task to exit.
613-    origins_shutdown_tx: tokio::sync::watch::Sender<bool>,
614-    /// Handle to the disk enumeration background task.
615-    disk_enum_handle: tokio::task::JoinHandle<()>,
616-    /// Sender to signal the disk enumeration task to exit.
617-    disk_shutdown_tx: tokio::sync::watch::Sender<bool>,
618-    /// Handle to the encryption check background task.
619-    enc_handle: tokio::task::JoinHandle<()>,
620-    /// Sender to signal the encryption check task to exit.
621-    enc_shutdown_tx: tokio::sync::watch::Sender<bool>,
622-    /// Handle to the audit buffer flush task.
623-    audit_flush_handle: Option<tokio::task::JoinHandle<()>>,
624-    /// Sender to signal the audit buffer to perform final flush.
625-    audit_shutdown_tx: tokio::sync::watch::Sender<bool>,
626-    /// Device watcher cleanup tuple (HWND, thread) — present when registration succeeded.
627-    device_watcher_cleanup: Option<(
628-        windows::Win32::Foundation::HWND,
629-        std::thread::JoinHandle<()>,
630-    )>,
631-    /// Shared reference to the USB detector (for shutdown ACL restore / re-enable).
632-    detector_arc: Arc<crate::detection::UsbDetector>,
633-    /// Optional hook injector (M017/S01). `None` when `cloud_hook_enabled` is false.
634-    #[allow(dead_code)]
635-    hook_injector: Option<crate::hook_injector::HookInjector>,
636-    /// Optional WFP manager (M017/S01). `None` when `wfp_filter_enabled` is false.
637-    #[allow(dead_code)]
638-    wfp_manager: Option<crate::wfp_manager::WfpManager>,
639-}
640-
641-/// The main service run loop.
642-///
643-/// Runs the file system event loop and the service control loop.
644-/// All other subsystems (IPC servers, health monitor, session monitor, UI
645-/// spawner) run on blocking std threads started in [`run_service`].
646-///
647-/// When the SCM issues `sc stop`, [`password_stop::initiate_stop`] starts the
648-/// password challenge.  This loop polls the confirmation flag every 500 ms — on
649-/// confirmation it proceeds to shutdown; on `PASSWORD_CANCEL` or max attempts,
650-/// [`password_stop::revert_stop`] reverts the state to Running.
651-async fn run_loop(
652-    status_handle: &Arc<Mutex<windows_service::service_control_handler::ServiceStatusHandle>>,
653-    machine_name: Option<String>,
654-) -> Result<()> {
655-    // ── Open the audit log ────────────────────────────────────────────────
656-    let _log_path = crate::audit_emitter::log_path();
657-    info!(audit_log = %_log_path.display(), "audit subsystem initialised");
658-
659-    // Initialise all subsystems and collect handles into a single context.
660-    let ctx = run_loop_init(machine_name).await;
661-
662-    // ── Service control loop ─────────────────────────────────────────────
663-    let poll_interval = Duration::from_millis(500);
664-    let mut ticker = tokio::time::interval(poll_interval);
665-
666-    crate::password_stop::debug_log("run_loop: entering service control loop");
667-

=== run_loop_shutdown ===
1262:async fn run_loop_shutdown(ctx: RunLoopContext) {
1263-    crate::password_stop::debug_log("run_loop: starting graceful shutdown");
1264-    info!(
1265-        service_name = SERVICE_NAME,
1266-        "shutting down enforcement subsystems"
1267-    );
1268-
1269-    // Uninstall the drag-and-drop hook (APP-08, Phase 40).
1270-    crate::password_stop::debug_log("run_loop: uninstalling drag-drop hook");
1271-    crate::interception::uninstall_drag_drop_hook();
1272-    crate::password_stop::debug_log("run_loop: drag-drop hook uninstalled");
1273-
1274-    // Stop the file monitor first so no new events arrive.
1275-    crate::password_stop::debug_log("run_loop: stopping file monitor");
1276-    ctx.file_monitor.stop();
1277-    let _ = ctx.file_handle.await;
1278-    crate::password_stop::debug_log("run_loop: file monitor stopped");
1279-
1280-    // Signal the event loop to drain and exit.
1281-    drop(ctx.event_loop_handle);
1282-    crate::password_stop::debug_log("run_loop: event loop dropped");
1283-
1284-    // Stop the heartbeat loop.
1285-    let _ = ctx.heartbeat_shutdown_tx.send(true);
1286-    let _ = ctx.heartbeat_handle.await;
1287-    crate::password_stop::debug_log("run_loop: heartbeat stopped");
1288-
1289-    // Stop the Pipe 1 heartbeat.
1290-    let _ = ctx.pipe1_shutdown_tx.send(true);
1291-    let _ = ctx.pipe1_hb_handle.await;
1292-    crate::password_stop::debug_log("run_loop: Pipe 1 heartbeat stopped");
1293-
1294-    // Stop the config poll loop.
1295-    let _ = ctx.config_shutdown_tx.send(true);
1296-    if let Some(h) = ctx.config_poll_handle {
1297-        let _ = h.await;
1298-    }
1299-    crate::password_stop::debug_log("run_loop: config poll stopped");
1300-
1301-    // Stop the device registry poll task.
1302-    let _ = ctx.registry_shutdown_tx.send(true);

=== spawn_event_loop signature ===
1233:fn spawn_event_loop(
1234-    action_rx: mpsc::Receiver<crate::interception::FileAction>,
1235-    offline: Arc<crate::offline::OfflineManager>,
1236-    audit_ctx: crate::audit_emitter::EmitContext,
1237-    session_map: Arc<crate::session_identity::SessionIdentityMap>,
1238-    ad_client: Arc<Option<dlp_common::AdClient>>,
1239-    usb_enforcer: Option<Arc<crate::usb_enforcer::UsbEnforcer>>,
1240-    disk_enforcer: Option<Arc<crate::disk_enforcer::DiskEnforcer>>,
1241-    cloud_enforcer: Option<Arc<crate::cloud_enforcer::CloudEnforcer>>,
1242-) -> tokio::task::JoinHandle<()> {
1243-    tokio::spawn(async move {
1244-        crate::interception::run_event_loop(
1245-            action_rx,
1246-            offline,
1247-            audit_ctx,
1248-            session_map,
1249-            ad_client,
1250-            usb_enforcer,
1251-            disk_enforcer,
1252-            cloud_enforcer,
1253-        )

=== config hot-reload apply pattern ===
274:/// Data returned by `apply_payload_to_config` for a deferred `instance_id_map` merge.
275-///
276-/// Contains:
277-/// - The set of `instance_id` strings that were in the OLD `cfg.disk_allowlist`
278-///   (needed to determine which entries to remove from the map).
279-/// - The new `Vec<DiskIdentity>` from the server payload (entries to insert/overwrite).
280-///
281-/// `None` is returned when `disk_allowlist` did not change (no merge needed).
282-type DiskMergeData = Option<(
283-    std::collections::HashSet<String>,
284-    Vec<dlp_common::DiskIdentity>,
285-)>;
286-
287-/// Diffs a server-pushed `AgentConfigPayload` against in-memory `AgentConfig`
288-/// and applies all detected changes including the `disk_allowlist` merge.
289-///
290-/// Extracted as a standalone synchronous function so tests can invoke the
291-/// diff/merge logic directly without spinning up a full async polling loop.
292-///
293-/// # Design: config lock BEFORE enumerator lock (T-37-13)
294-///
295-/// This function expects that the config mutex is already held by the caller
296-/// and that the enumerator is accessed AFTER the function returns (i.e., AFTER
297-/// the config lock is released). To preserve this invariant the function returns
298-/// any data needed for the deferred enumerator merge: the old instance_id set
299-/// and the new list. The caller then does the map merge with the config lock dropped.
300-///
301-/// # Arguments
302-///
303-/// * `cfg` — mutable borrow of the in-memory agent config (config mutex held
304-///   by the caller).
--
314:fn apply_payload_to_config(
315-    cfg: &mut crate::config::AgentConfig,
316-    payload: &crate::server_client::AgentConfigPayload,
317-) -> (Vec<&'static str>, DiskMergeData) {
318-    let mut changed_fields: Vec<&'static str> = Vec::new();
319-    let mut disk_merge_data: DiskMergeData = None;
320-
321-    if cfg.monitored_paths != payload.monitored_paths {
322-        changed_fields.push("monitored_paths");
323-        cfg.monitored_paths = payload.monitored_paths.clone();
324-    }
325-    if cfg.heartbeat_interval_secs != Some(payload.heartbeat_interval_secs) {
326-        changed_fields.push("heartbeat_interval_secs");
327-        cfg.heartbeat_interval_secs = Some(payload.heartbeat_interval_secs);
328-    }
329-    if cfg.offline_cache_enabled != Some(payload.offline_cache_enabled) {
330-        changed_fields.push("offline_cache_enabled");
331-        cfg.offline_cache_enabled = Some(payload.offline_cache_enabled);
332-    }
333-    if cfg.ldap_config != payload.ldap_config {
334-        changed_fields.push("ldap_config");
335-        cfg.ldap_config = payload.ldap_config.clone();
336-    }
337-    if cfg.excluded_paths != payload.excluded_paths {
338-        changed_fields.push("excluded_paths");
339-        cfg.excluded_paths = payload.excluded_paths.clone();
340-    }
341-
342-    // Phase 43 (USB-09): apply server-pushed USB enforcement config fields.
343-    //
344-    // None guard: if cfg is None and payload equals the system default, skip the
--
501:                    // Phase 37 (T-37-13): apply_payload_to_config runs INSIDE the
502-                    // config lock scope and returns any disk_merge_data needed for
503-                    // the deferred instance_id_map merge. The map merge must happen
504-                    // AFTER the config lock is released (lock-order invariant).
505-                    let (changed_fields, disk_merge_data) = {
506-                        let mut cfg = config.lock();
507:                        apply_payload_to_config(&mut cfg, &payload)
508-                    };
509-                    // cfg lock is now released. Safe to access instance_id_map.
510-
511-                    // Apply deferred disk_allowlist merge into DiskEnumerator.
512-                    if let Some((old_ids, new_list)) = disk_merge_data {
513-                        if let Some(enumerator) = crate::detection::disk::get_disk_enumerator() {
514-                            merge_disk_allowlist_into_map(&enumerator, &old_ids, &new_list);
515-                        }
516-                    }
517-
518-                    if !changed_fields.is_empty() {
519-                        // Log field names only — never log path values (T-06-09 info disclosure).
520-                        info!(
521-                            fields = ?changed_fields,
522-                            "agent config updated from server"
523-                        );
524-                        // Write back to TOML for persistence across restarts.
525-                        // Use the effective path (DLP_CONFIG_PATH env var if set, else
526-                        // DEFAULT_CONFIG_PATH) so integration tests can redirect to a
527-                        // temp directory without touching the production config file.
528-                        let effective_path =
529-                            crate::config::AgentConfig::effective_config_path();
530-                        let config_path = std::path::Path::new(&effective_path);
531-                        let cfg = config.lock();
532-                        if let Err(e) = cfg.save(config_path) {
533-                            tracing::error!(
534-                                error = %e,
535-                                "failed to write updated config to TOML"
536-                            );
537-                        }
--
1759:        let (changed_fields, disk_merge_data) = apply_payload_to_config(&mut cfg, &payload);
1760-
1761-        // Config must be updated with both disks.
1762-        assert_eq!(cfg.disk_allowlist.len(), 2);
1763-        assert!(changed_fields.contains(&"disk_allowlist"));
1764-
1765-        // Merge data must be provided for the deferred map update.
1766-        let (old_ids, new_list) =
1767-            disk_merge_data.expect("disk_merge_data must be Some when disk_allowlist changed");
1768-        assert!(
1769-            old_ids.is_empty(),
1770-            "old_ids must be empty on first-time apply"
1771-        );
1772-        assert_eq!(new_list.len(), 2);
1773-
1774-        // Apply the merge into a real DiskEnumerator.
1775-        let enumerator = DiskEnumerator::new();
1776-        merge_disk_allowlist_into_map(&enumerator, &old_ids, &new_list);
1777-
1778-        // Both disks must be in instance_id_map.
1779-        let map = enumerator.instance_id_map.read();
1780-        assert!(
1781-            map.contains_key("DISK\\INSTANCE\\A"),
1782-            "disk A must be in map"
1783-        );
1784-        assert!(
1785-            map.contains_key("DISK\\INSTANCE\\B"),
1786-            "disk B must be in map"
1787-        );
1788-    }
1789-
--
1806:        let (changed_fields, disk_merge_data) = apply_payload_to_config(&mut cfg, &payload);
1807-
1808-        // No change: disk_allowlist must NOT appear in changed_fields.
1809-        assert!(
1810-            !changed_fields.contains(&"disk_allowlist"),
1811-            "disk_allowlist must not appear in changed_fields when unchanged"
1812-        );
1813-        // No merge data when nothing changed (T-37-12 spurious-update mitigation).
1814-        assert!(
1815-            disk_merge_data.is_none(),
1816-            "disk_merge_data must be None when disk_allowlist is unchanged"
1817-        );
1818-        // cfg.disk_allowlist unchanged.
1819-        assert_eq!(cfg.disk_allowlist, disks);
1820-    }
1821-
1822-    /// Test 3: Remove de-allowlisted disk — cfg has [disk-A, disk-B], instance_id_map
1823-    /// has both. Payload contains only [disk-A]. After apply cfg.disk_allowlist is
1824-    /// [disk-A], instance_id_map contains disk-A but NOT disk-B.
1825-    /// changed_fields must contain "disk_allowlist".
1826-    #[test]
1827-    fn test_config_poll_removes_deallowlisted_disk() {
1828-        let disk_a = make_disk("DISK\\INSTANCE\\A");
1829-        let disk_b = make_disk("DISK\\INSTANCE\\B");
1830-
1831-        let mut cfg = AgentConfig {
1832-            disk_allowlist: vec![disk_a.clone(), disk_b.clone()],
1833-            ..Default::default()
1834-        };
1835-        // Seed the enumerator with both disks in instance_id_map.
1836-        let enumerator = DiskEnumerator::new();
--
1846:        let (changed_fields, disk_merge_data) = apply_payload_to_config(&mut cfg, &payload);
1847-
1848-        assert!(changed_fields.contains(&"disk_allowlist"));
1849-        assert_eq!(cfg.disk_allowlist, vec![disk_a.clone()]);
1850-
1851-        let (old_ids, new_list) = disk_merge_data.expect("merge data must be present");
1852-        merge_disk_allowlist_into_map(&enumerator, &old_ids, &new_list);
1853-
1854-        let map = enumerator.instance_id_map.read();
1855-        assert!(
1856-            map.contains_key("DISK\\INSTANCE\\A"),
1857-            "disk A must remain in map"
1858-        );
1859-        assert!(
1860-            !map.contains_key("DISK\\INSTANCE\\B"),
1861-            "de-allowlisted disk B must be removed from map"
1862-        );
1863-    }
1864-
1865-    /// Test 4 (Pitfall 5 regression): Preserve live-enumerated disks NOT in allowlist.
1866-    ///
1867-    /// instance_id_map starts with [live-disk-X (NOT in cfg.disk_allowlist)].
1868-    /// cfg.disk_allowlist is empty. Payload contains [allow-disk-Y].
1869-    /// After apply, instance_id_map must contain BOTH live-disk-X AND allow-disk-Y.
1870-    /// cfg.disk_allowlist is [allow-disk-Y].
1871-    #[test]
1872-    fn test_config_poll_preserves_live_enumerated_disks_not_in_allowlist() {
1873-        let live_disk_x = make_disk("DISK\\LIVE\\X");
1874-        let allow_disk_y = make_disk("DISK\\ALLOW\\Y");
1875-
1876-        // cfg starts with empty allowlist (live_disk_x is NOT in it).
--
1889:        let (changed_fields, disk_merge_data) = apply_payload_to_config(&mut cfg, &payload);
1890-
1891-        assert!(changed_fields.contains(&"disk_allowlist"));
1892-        assert_eq!(cfg.disk_allowlist, vec![allow_disk_y.clone()]);
1893-
1894-        let (old_ids, new_list) = disk_merge_data.expect("merge data must be present");
1895-        // Pitfall 5 guard: old_ids is empty (cfg had no prior allowlist),
1896-        // so no entries should be removed.
1897-        assert!(old_ids.is_empty());
1898-        merge_disk_allowlist_into_map(&enumerator, &old_ids, &new_list);
1899-
1900-        let map = enumerator.instance_id_map.read();
1901-        assert!(
1902-            map.contains_key("DISK\\LIVE\\X"),
1903-            "live-enumerated disk X must be preserved in map (Pitfall 5)"
1904-        );
1905-        assert!(
1906-            map.contains_key("DISK\\ALLOW\\Y"),
1907-            "server-allowlisted disk Y must be inserted into map"
1908-        );
1909-    }
1910-
1911-    /// Test 5: Persist to TOML — after a successful update, calling cfg.save() and
1912-    /// reloading via AgentConfig::load() produces a config whose disk_allowlist
1913-    /// matches the new entries.
1914-    #[test]
1915-    fn test_config_poll_persists_disk_allowlist_to_toml() {
1916-        let disk = make_disk("DISK\\PERSIST\\001");
1917-
1918-        let mut cfg = AgentConfig::default();
1919-        let payload = make_payload(vec![disk.clone()]);
--
1921:        let (changed_fields, _) = apply_payload_to_config(&mut cfg, &payload);
1922-        assert!(changed_fields.contains(&"disk_allowlist"));
1923-
1924-        // Write to a temp file and reload to verify TOML roundtrip.
1925-        let temp_dir = tempfile::tempdir().expect("tempdir must be creatable");
1926-        let config_path = temp_dir.path().join("agent-config.toml");
1927-        cfg.save(&config_path).expect("save must succeed");
1928-
1929-        let reloaded = AgentConfig::load(&config_path);
1930-        assert_eq!(
1931-            reloaded.disk_allowlist.len(),
1932-            1,
1933-            "reloaded config must contain the persisted disk"
1934-        );
1935-        assert_eq!(
1936-            reloaded.disk_allowlist[0].instance_id, "DISK\\PERSIST\\001",
1937-            "persisted instance_id must survive TOML roundtrip"
1938-        );
1939-    }
1940-
1941-    /// Test 6: USB config fields are applied from payload to cfg.
1942-    #[test]
1943-    fn test_apply_payload_usb_fields() {
1944-        let mut cfg = AgentConfig::default();
1945-        let mut payload = make_payload(vec![]);
1946-        payload.usb_blocked_failure_mode = "Hard error".to_string();
1947-        payload.usb_startup_resolution_mode = "Volume GUID resolution".to_string();
1948-        payload.usb_none_serial_policy = "Allow unregistered".to_string();
1949-
1950:        let (changed_fields, _) = apply_payload_to_config(&mut cfg, &payload);
1951-
1952-        assert!(
1953-            changed_fields.contains(&"usb_blocked_failure_mode"),
1954-            "usb_blocked_failure_mode must be in changed_fields"
1955-        );
1956-        assert!(
1957-            changed_fields.contains(&"usb_startup_resolution_mode"),
1958-            "usb_startup_resolution_mode must be in changed_fields"
1959-        );
1960-        assert!(
1961-            changed_fields.contains(&"usb_none_serial_policy"),
1962-            "usb_none_serial_policy must be in changed_fields"
1963-        );
1964-        assert_eq!(cfg.usb_blocked_failure_mode, Some("Hard error".to_string()));
1965-        assert_eq!(
1966-            cfg.usb_startup_resolution_mode,
1967-            Some("Volume GUID resolution".to_string())
1968-        );
1969-        assert_eq!(
1970-            cfg.usb_none_serial_policy,
1971-            Some("Allow unregistered".to_string())
1972-        );
1973-    }
1974-
1975-    /// Test 7: No-change path — cfg and payload USB values match.
1976-    #[test]
1977-    fn test_apply_payload_usb_fields_no_change() {
1978-        let mut cfg = AgentConfig::default();
1979-        cfg.usb_blocked_failure_mode = Some("Warning only".to_string());
1980-        cfg.usb_startup_resolution_mode = Some("VID/PID/serial fallback".to_string());
--
1984:        let (changed_fields, _) = apply_payload_to_config(&mut cfg, &payload);
1985-
1986-        assert!(
1987-            !changed_fields.contains(&"usb_blocked_failure_mode"),
1988-            "usb_blocked_failure_mode must NOT be in changed_fields when unchanged"
1989-        );
1990-        assert!(
1991-            !changed_fields.contains(&"usb_startup_resolution_mode"),
1992-            "usb_startup_resolution_mode must NOT be in changed_fields when unchanged"
1993-        );
1994-        assert!(
1995-            !changed_fields.contains(&"usb_none_serial_policy"),
1996-            "usb_none_serial_policy must NOT be in changed_fields when unchanged"
1997-        );
1998-    }
1999-
2000-    /// Test 8: None guard — when cfg USB fields are None and payload carries the
2001-    /// system default, changed_fields must NOT contain usb_* entries.
2002-    /// This prevents spurious "config changed" logs when a new agent polls an old
2003-    /// server that does not send these fields.
2004-    #[test]
2005-    fn test_apply_payload_usb_fields_none_guard() {
2006-        let mut cfg = AgentConfig::default(); // all USB fields are None
2007-        let payload = make_payload(vec![]); // all defaults
2008-
2009:        let (changed_fields, _) = apply_payload_to_config(&mut cfg, &payload);
2010-
2011-        assert!(
2012-            !changed_fields.contains(&"usb_blocked_failure_mode"),
2013-            "None guard: usb_blocked_failure_mode must NOT diff when payload == default"
2014-        );
2015-        assert!(
2016-            !changed_fields.contains(&"usb_startup_resolution_mode"),
2017-            "None guard: usb_startup_resolution_mode must NOT diff when payload == default"
2018-        );
2019-        assert!(
2020-            !changed_fields.contains(&"usb_none_serial_policy"),
2021-            "None guard: usb_none_serial_policy must NOT diff when payload == default"
2022-        );
2023-    }
2024-
2025-    /// Test 9: Empty-string guard — when the server sends an empty string for a
2026-    /// USB config field, the apply must be skipped and the previous cfg value
2027-    /// preserved.
2028-    #[test]
2029-    fn test_apply_payload_usb_fields_empty_guard() {
2030-        let mut cfg = AgentConfig::default();
2031-        cfg.usb_blocked_failure_mode = Some("Hard error".to_string());
2032-        let mut payload = make_payload(vec![]);
2033-        payload.usb_blocked_failure_mode = "".to_string();
2034-
2035:        let (changed_fields, _) = apply_payload_to_config(&mut cfg, &payload);
2036-
2037-        assert!(
2038-            !changed_fields.contains(&"usb_blocked_failure_mode"),
2039-            "empty-string guard: must NOT diff when payload is empty"
2040-        );
2041-        assert_eq!(
2042-            cfg.usb_blocked_failure_mode,
2043-            Some("Hard error".to_string()),
2044-            "empty-string guard: previous value must be preserved"
2045-        );
2046-    }
2047-
2048-    // ── with_config tests (Phase 43-04) ───────────────────────────────────
2049-
2050-    /// Verify that `with_config` returns `None` when CONFIG is not initialized.
2051-    #[test]
2052-    fn test_with_config_returns_none_when_uninitialized() {
2053-        // NOTE: This test relies on CONFIG not being set. Since CONFIG is a
2054-        // OnceLock and tests may run in parallel, we cannot guarantee this
2055-        // in all test configurations. The test is marked as a best-effort
2056-        // verification of the uninitialized path.
2057-        //
2058-        // If other tests in the same process have already set CONFIG, this
2059-        // test will still pass because we only assert that `with_config`
2060-        // returns `Some` when initialized and that the closure is executed.
2061-        // The uninitialized case is covered by the type system (Option<R>).
2062-        let result: Option<String> =
2063-            with_config(|cfg| cfg.usb_blocked_failure_mode.clone().unwrap_or_default());
2064-        // When CONFIG is set by other tests, result is Some(...).
2065-        // When CONFIG is unset, result is None.

=== audit_emitter.rs key types ===

=== Cargo.toml deps section ===
[dependencies]
# Shared types
dlp-common = { path = "../dlp-common" }


=== lib.rs modules list ===

=== main.rs or lib.rs print refs ===
5://! - [`service`] — Windows Service lifecycle (Sprint 4, T-10): SCM registration,
7://! - [`ui_spawner`] — Multi-session UI spawner (Sprint 5, T-30):
9://! - [`ipc`] — Named-pipe IPC servers (Sprint 6, T-31–T-34):
11://! - [`health_monitor`] — Mutual health ping-pong (Sprint 7, T-35).
12://! - [`session_monitor`] — Session logon/logoff handler (Sprint 7, T-36).
13://! - [`protection`] — Process DACL hardening (Sprint 8, T-37).
14://! - [`interception`] — File interception engine (Sprint 13, T-11).
15://! - [`identity`] — SMB impersonation resolution (Sprint 13, T-12).
16://! - [`engine_client`] — HTTPS client to Policy Engine (Sprint 13, T-16).
17://! - [`cache`] — Policy decision cache with TTL (Sprint 13, T-17).
18://! - [`detection`] — USB and network share detection (Sprint 14, T-13–T-14):
21://! - [`offline`] — Offline mode with fail-closed fallback (Sprint 15, T-18).
22://! - [`audit_emitter`] — Append-only JSONL audit log with rotation (Sprint 15, T-19/T-26/T-27).
23://! - [`clipboard`] — Clipboard hooks and content classifier (Sprint 16, T-20).
