test session_identity::tests::test_resolve_case_insensitive ... ok
test session_identity::tests::test_session_zero_rejected ... ok
test session_identity::tests::test_single_user_heuristic ... ok
test usb_enforcer::tests::test_blocked_drive_without_identity_returns_blocked ... ok
test usb_enforcer::tests::test_extract_drive_letter_empty_returns_none ... ok
test usb_enforcer::tests::test_extract_drive_letter_unc_returns_none ... ok
test usb_enforcer::tests::test_blocked_device_returns_none ... ok
test usb_enforcer::tests::test_extract_drive_letter_valid ... ok
test usb_enforcer::tests::test_fullaccess_registered_returns_none_with_tier ... ok
test usb_enforcer::tests::test_full_access_device_returns_none ... ok
test usb_enforcer::tests::test_full_access_device_all_actions_allowed ... ok
test usb_enforcer::tests::test_non_alpha_path_returns_none ... ok
test usb_enforcer::tests::test_known_usb_without_identity_block_result_fields ... ok
test usb_enforcer::tests::test_known_usb_without_identity_is_denied ... ok
test usb_enforcer::tests::test_per_drive_isolation ... ok
test usb_enforcer::tests::test_non_usb_drive_returns_none ... ok
test usb_enforcer::tests::test_readonly_device_returns_none ... ok
test usb_enforcer::tests::test_unc_path_returns_none ... ok
test usb_enforcer::tests::test_resolve_tier_for_identity_unregistered_defaults_blocked ... ok
test usb_enforcer::tests::test_unregistered_block_result_fields ... ok
test usb_enforcer::tests::test_unregistered_device_defaults_to_blocked ... ok
test service::tests::test_config_poll_persists_disk_allowlist_to_toml ... ok
test usb_enforcer::tests::test_resolve_tier_for_identity_registered ... ok
test wfp_manager::tests::test_add_remove_block ... ok
test wfp_manager::tests::test_block_invalid_pid ... ok
test wfp_manager::tests::test_register_unregister ... ok
test wfp_manager::tests::test_remove_nonexistent_pid ... ok
test wfp_manager::tests::test_double_block_same_pid ... ok
test device_controller::tests::test_disable_usb_device_with_retry_blocking_exhausts_retries ... ok
test hook_ipc::tests::hook_ipc_roundtrip_test ... ok
test hook_injector::tests::test_injector_successfully_injects_dll ... ok
test server_client::tests::test_heartbeat_unreachable_server ... ok
test server_client::tests::test_register_unreachable_server ... ok
test server_client::tests::test_fetch_auth_hash_unreachable_server ... ok
test server_client::tests::test_fetch_agent_config_unreachable ... ok
test server_client::tests::test_fetch_managed_origins_unreachable_server ... ok
test server_client::tests::test_fetch_device_registry_unreachable_server ... ok

test result: ok. 419 passed; 0 failed; 0 ignored; 0 measured; 0 filtered out; finished in 5.05s

